---
source: tests/files.rs
expression: visualization.result
---
@main(v0: int) {
.v1_:
  v2_: int = const 1;
  v3_: int = const 3;
  v4_: int = const 2;
  v5_: int = const 0;
  v6_: int = id v0;
  v7_: int = id v0;
  v8_: int = id v2_;
  v9_: int = id v3_;
  v10_: int = id v4_;
  v11_: int = id v5_;
.v12_:
  v13_: bool = eq v7_ v8_;
  v14_: bool = const false;
  v15_: int = id v6_;
  v16_: bool = id v14_;
  v17_: int = id v7_;
  v18_: int = id v7_;
  v19_: int = id v9_;
  v20_: int = id v10_;
  v21_: int = id v11_;
  br v13_ .v22_ .v23_;
.v22_:
  v24_: bool = not v13_;
  v6_: int = id v6_;
  v7_: int = id v17_;
  v8_: int = id v8_;
  v9_: int = id v9_;
  v10_: int = id v10_;
  v11_: int = id v11_;
  br v24_ .v12_ .v25_;
.v23_:
  v26_: int = div v7_ v10_;
  v27_: int = mul v10_ v26_;
  v28_: int = sub v7_ v27_;
  v29_: bool = eq v11_ v28_;
  print v7_;
  v30_: int = mul v7_ v9_;
  v31_: int = add v30_ v8_;
  v32_: bool = const true;
  v33_: int = id v6_;
  v34_: bool = id v32_;
  v35_: int = id v31_;
  v36_: int = id v8_;
  v37_: int = id v9_;
  v38_: int = id v10_;
  v39_: int = id v11_;
  br v29_ .v40_ .v41_;
.v41_:
  v42_: bool = const true;
  v15_: int = id v6_;
  v16_: bool = id v42_;
  v17_: int = id v35_;
  v18_: int = id v8_;
  v19_: int = id v9_;
  v20_: int = id v10_;
  v21_: int = id v11_;
  jmp .v22_;
.v40_:
  v43_: bool = const true;
  v33_: int = id v6_;
  v34_: bool = id v43_;
  v35_: int = id v26_;
  v36_: int = id v8_;
  v37_: int = id v9_;
  v38_: int = id v10_;
  v39_: int = id v11_;
  jmp .v41_;
.v25_:
  print v0;
}
